[www.ilabsolutions.it/index.html]
[backblue.gif]
[fade.gif]
[index.html]
[www.ilabsolutions.it/css/style.css]
[www.ilabsolutions.it/css/mediaquery.css]
[www.ilabsolutions.it/css/portfolio_style.css]
[code.jquery.com/jquery-2.2.4.min.js]
[www.ilabsolutions.it/js/libs/anime.min.js]
[www.ilabsolutions.it/js/libs/jsband-min.js]
[www.ilabsolutions.it/js/blob-min.js]
[www.ilabsolutions.it/js/main.js]
[www.ilabsolutions.it/img/apple-touch-icon.png]
[www.ilabsolutions.it/img/favicon-32x32.png]
[www.ilabsolutions.it/img/favicon-16x16.png]
[www.ilabsolutions.it/img/safari-pinned-tab.svg]
[connect.facebook.net/en_US/fbevents.js]
[www.ilabsolutions.it/img/clienti/001_01.png]
[www.ilabsolutions.it/img/clienti/001_02.png]
[www.ilabsolutions.it/img/clienti/001_03.png]
[www.ilabsolutions.it/img/clienti/001_04.png]
[www.ilabsolutions.it/img/clienti/001_05.png]
[www.ilabsolutions.it/img/clienti/001_06.png]
[www.ilabsolutions.it/img/clienti/001_08.png]
[www.ilabsolutions.it/img/clienti/001_07.png]
[www.ilabsolutions.it/img/clienti/001_09.png]
[www.ilabsolutions.it/img/clienti/001_10.png]
[www.ilabsolutions.it/img/clienti/001_11.png]
[www.ilabsolutions.it/img/clienti/001_13.png]
[www.ilabsolutions.it/img/award/awwwards_black.png]
[www.ilabsolutions.it/img/award/awwwards.png]
[www.ilabsolutions.it/img/award/cssda_black.png]
[www.ilabsolutions.it/img/award/cssda.png]
[www.ilabsolutions.it/img/award/csswinner_black.png]
[www.ilabsolutions.it/img/award/csswinner.png]
[www.ilabsolutions.it/img/logo.png]
[www.ilabsolutions.it/contact_form.html]
[www.ilabsolutions.it/js/cursor.js]
[www.ilabsolutions.it/index.html]
[www.ilabsolutions.it/css/fonts/Grumpy-Black24.eot]
[www.ilabsolutions.it/css/fonts/Grumpy-Black24d41d.eot]
[www.ilabsolutions.it/css/fonts/Grumpy-Black24.woff2]
[www.ilabsolutions.it/css/fonts/Grumpy-Black24.woff]
[www.ilabsolutions.it/css/fonts/Grumpy-Black24.ttf]
[www.ilabsolutions.it/css/fonts/Grumpy-Black24.svg]
[www.ilabsolutions.it/img/logo_white.png]
[www.ilabsolutions.it/img/pencil_black.png]
[www.ilabsolutions.it/img/text_black.png]
[www.ilabsolutions.it/img/pencil_white.png]
[www.ilabsolutions.it/img/text_white.png]
[www.ilabsolutions.it/img/1.png]
[www.ilabsolutions.it/img/2.png]
[www.ilabsolutions.it/img/3.png]
[www.ilabsolutions.it/css/style.css]
[www.ilabsolutions.it/css/mediaquery.css]
[www.ilabsolutions.it/css/portfolio_style.css]
[www.ilabsolutions.it/img/site.html]
[www.ilabsolutions.it/img/safari-pinned-tab.svg]
[www.googletagmanager.com/gtm5445.html]
[www.ilabsolutions.it/a]
[www.ilabsolutions.it/signals/config/index.html]
[www.ilabsolutions.it/POST]
[www.ilabsolutions.it/signals/plugins/index.html]
[www.ilabsolutions.it/b.resolvedLink]
[www.ilabsolutions.it/d]
[www.ilabsolutions.it/schema.org/index.html]
[www.ilabsolutions.it/signals/iwl.js]
[www.ilabsolutions.it/signals/iwl0fc5.js]
[www.ilabsolutions.it/c.dl]
[www.ilabsolutions.it/c.rl]
[connect.facebook.net/en_US/fbevents.js]
[code.jquery.com/jquery-3.4.1.min.js]
[www.ilabsolutions.it/css/component.css]
[www.ilabsolutions.it/js/modernizr.custom.js]
[www.ilabsolutions.it/privacy.html]
[www.ilabsolutions.it/js/nlform.js]
[www.ilabsolutions.it/contact_form.html]
[www.ilabsolutions.it/css/fonts/Grumpy-Black24.svg]
[www.ilabsolutions.it/signals/config/index.html]
[www.ilabsolutions.it/a.html]
[www.ilabsolutions.it/signals/plugins/index.html]
[www.ilabsolutions.it/POST.html]
[www.ilabsolutions.it/schema.org/index.html]
[www.ilabsolutions.it/b.html]
[www.ilabsolutions.it/d.html]
[www.ilabsolutions.it/signals/iwl.html]
[www.ilabsolutions.it/signals/iwl0fc5.html]
[www.ilabsolutions.it/c.html]
[www.ilabsolutions.it/c-2.html]
[www.ilabsolutions.it/css/fonts/icons/nlicons.eot]
[www.ilabsolutions.it/css/fonts/icons/nliconsd41d.eot]
[www.ilabsolutions.it/css/fonts/icons/nlicons.woff]
[www.ilabsolutions.it/css/fonts/icons/nlicons.ttf]
[www.ilabsolutions.it/css/component.css]
[www.ilabsolutions.it/css/fonts/icons/nlicons.svg]
[www.ilabsolutions.it/img/300x200.jpg]
[www.ilabsolutions.it/img/800x418.jpg]
[www.ilabsolutions.it/cookie-policy]
[www.ilabsolutions.it/privacy.html]
[www.ilabsolutions.it/css/fonts/icons/nlicons.svg]
[www.ilabsolutions.it/cookie-policy.html]
